// Jest Snapshot v1, https://goo.gl/fbAQLP

exports[`LoginForm renders LoginForm unchanged 1`] = `
<div>
  <section>
    <form
      action="javascript:throw new Error('A React form was unexpectedly submitted. If you called form.submit() manually, consider using form.requestSubmit() instead. If you\\'re trying to use event.stopPropagation() in a submit event handler, consider also calling event.preventDefault().')"
      class="form"
    >
      <h3
        class="title"
      >
        Sign in
      </h3>
      <div
        class="inputWrapper"
      >
        <label
          class="label"
        >
          Email
        </label>
        <input
          class="input"
          name="email"
          placeholder="Email"
          required=""
          type="email"
        />
      </div>
      <div
        class="inputWrapper"
      >
        <label
          class="label"
        >
          Password
        </label>
        <input
          class="input"
          name="password"
          placeholder="Password"
          required=""
          type="password"
        />
      </div>
      <button
        class="button primary"
        type="submit"
      >
        Sign in
      </button>
    </form>
  </section>
</div>
`;
